I'm sorry, but errors were detected in your script. Please correct the
errors listed below, and try again.


File "game/scene10.rpy", line 18: end of line expected.
    hide screen black_screen("3 bulan kemudian")
                            ^

Ren'Py Version: Ren'Py 8.1.3.23091805
Mon Dec  4 10:54:26 2023
